#-----------------------------------------------------------
# Vivado v2018.2 (64-bit)
# SW Build 2258646 on Thu Jun 14 20:03:12 MDT 2018
# IP Build 2256618 on Thu Jun 14 22:10:49 MDT 2018
# Start of session at: Sat Nov 24 12:52:16 2018
# Process ID: 9084
# Current directory: C:/Users/silvi/workspace/tfe4141_term_project/edit_rsa_accelerator
# Command line: vivado.exe -gui_launcher_event rodinguilauncherevent12560 C:\Users\silvi\workspace\tfe4141_term_project\edit_rsa_accelerator\edit_rsa_accelerator.xpr
# Log file: C:/Users/silvi/workspace/tfe4141_term_project/edit_rsa_accelerator/vivado.log
# Journal file: C:/Users/silvi/workspace/tfe4141_term_project/edit_rsa_accelerator\vivado.jou
#-----------------------------------------------------------
start_gui
open_project C:/Users/silvi/workspace/tfe4141_term_project/edit_rsa_accelerator/edit_rsa_accelerator.xpr
update_compile_order -fileset sources_1
reset_run synth_1
launch_runs synth_1 -jobs 2
wait_on_run synth_1
launch_simulation -mode post-synthesis -type functional
source rsa_core_tb.tcl
restart
run 3 ms
close_sim
close_design
set_property SOURCE_SET sources_1 [get_filesets sim_1]
add_files -fileset sim_1 -norecurse C:/Users/silvi/workspace/rsa_core_testbench/rsa_core_testbench.vhd
update_compile_order -fileset sim_1
launch_simulation
source rsa_core_tb.tcl
restart
run 3 ms
relaunch_sim
restart
run 3 ms
close_sim
ipx::open_ipxact_file C:/Users/silvi/workspace/tfe4141_term_project/rsa_accelerator/component.xml
set_property core_revision 22 [ipx::current_core]
ipx::create_xgui_files [ipx::current_core]
ipx::update_checksums [ipx::current_core]
ipx::save_core [ipx::current_core]
update_ip_catalog -rebuild -repo_path c:/Users/silvi/workspace/tfe4141_term_project/rsa_accelerator
